
*** Running vivado
    with args -log design_1_spliter_128to32_0_1.vds -m64 -product Vivado -mode batch -messageDb vivado.pb -notrace -source design_1_spliter_128to32_0_1.tcl


****** Vivado v2023.2 (64-bit)
  **** SW Build 4029153 on Fri Oct 13 20:13:54 MDT 2023
  **** IP Build 4028589 on Sat Oct 14 00:45:43 MDT 2023
  **** SharedData Build 4025554 on Tue Oct 10 17:18:54 MDT 2023
    ** Copyright 1986-2022 Xilinx, Inc. All Rights Reserved.
    ** Copyright 2022-2023 Advanced Micro Devices, Inc. All Rights Reserved.

source design_1_spliter_128to32_0_1.tcl -notrace
create_project: Time (s): cpu = 00:00:05 ; elapsed = 00:00:05 . Memory (MB): peak = 1336.258 ; gain = 45.836 ; free physical = 15550 ; free virtual = 29438
INFO: [IP_Flow 19-234] Refreshing IP repositories
INFO: [IP_Flow 19-1704] No user IP repositories specified
INFO: [IP_Flow 19-2313] Loaded Vivado IP repository '/tools/Xilinx-2023.2/Vivado/2023.2/data/ip'.
INFO: [IP_Flow 19-6924] IPCACHE: Running cache check for IP inst: design_1_spliter_128to32_0_1
Command: synth_design -top design_1_spliter_128to32_0_1 -part xck26-sfvc784-2LV-c -incremental_mode off -mode out_of_context
Starting synth_design
Attempting to get a license for feature 'Synthesis' and/or device 'xck26'
INFO: [Common 17-349] Got license for feature 'Synthesis' and/or device 'xck26'
INFO: [Device 21-403] Loading part xck26-sfvc784-2LV-c
INFO: [Synth 8-7079] Multithreading enabled for synth_design using a maximum of 4 processes.
INFO: [Synth 8-7078] Launching helper process for spawning children vivado processes
INFO: [Synth 8-7075] Helper process launched with PID 389334
---------------------------------------------------------------------------------
Starting RTL Elaboration : Time (s): cpu = 00:00:03 ; elapsed = 00:00:03 . Memory (MB): peak = 2597.613 ; gain = 286.691 ; free physical = 14034 ; free virtual = 27921
---------------------------------------------------------------------------------
INFO: [Synth 8-6157] synthesizing module 'design_1_spliter_128to32_0_1' [/home/jgaitan/Documents/proyecto_1_borrador/project_1/project_1.gen/sources_1/bd/design_1/ip/design_1_spliter_128to32_0_1/synth/design_1_spliter_128to32_0_1.v:53]
INFO: [Synth 8-6157] synthesizing module 'spliter_128to32' [/home/jgaitan/Documents/proyecto_1_borrador/128to32_spliter.v:5]
INFO: [Synth 8-6155] done synthesizing module 'spliter_128to32' (0#1) [/home/jgaitan/Documents/proyecto_1_borrador/128to32_spliter.v:5]
INFO: [Synth 8-6155] done synthesizing module 'design_1_spliter_128to32_0_1' (0#1) [/home/jgaitan/Documents/proyecto_1_borrador/project_1/project_1.gen/sources_1/bd/design_1/ip/design_1_spliter_128to32_0_1/synth/design_1_spliter_128to32_0_1.v:53]
---------------------------------------------------------------------------------
Finished RTL Elaboration : Time (s): cpu = 00:00:04 ; elapsed = 00:00:04 . Memory (MB): peak = 2674.582 ; gain = 363.660 ; free physical = 13936 ; free virtual = 27824
---------------------------------------------------------------------------------
---------------------------------------------------------------------------------
Start Handling Custom Attributes
---------------------------------------------------------------------------------
---------------------------------------------------------------------------------
Finished Handling Custom Attributes : Time (s): cpu = 00:00:04 ; elapsed = 00:00:05 . Memory (MB): peak = 2677.551 ; gain = 366.629 ; free physical = 13936 ; free virtual = 27824
---------------------------------------------------------------------------------
---------------------------------------------------------------------------------
Finished RTL Optimization Phase 1 : Time (s): cpu = 00:00:04 ; elapsed = 00:00:05 . Memory (MB): peak = 2677.551 ; gain = 366.629 ; free physical = 13936 ; free virtual = 27824
---------------------------------------------------------------------------------
Netlist sorting complete. Time (s): cpu = 00:00:00 ; elapsed = 00:00:00 . Memory (MB): peak = 2677.551 ; gain = 0.000 ; free physical = 13936 ; free virtual = 27824
INFO: [Project 1-570] Preparing netlist for logic optimization

Processing XDC Constraints
Initializing timing engine
Completed Processing XDC Constraints

Netlist sorting complete. Time (s): cpu = 00:00:00 ; elapsed = 00:00:00 . Memory (MB): peak = 2749.215 ; gain = 0.000 ; free physical = 13931 ; free virtual = 27820
INFO: [Project 1-111] Unisim Transformation Summary:
No Unisim elements were transformed.

Constraint Validation Runtime : Time (s): cpu = 00:00:00.02 ; elapsed = 00:00:00.01 . Memory (MB): peak = 2749.250 ; gain = 0.000 ; free physical = 13931 ; free virtual = 27819
INFO: [Designutils 20-5008] Incremental synthesis strategy off
---------------------------------------------------------------------------------
Finished Constraint Validation : Time (s): cpu = 00:00:09 ; elapsed = 00:00:09 . Memory (MB): peak = 2749.250 ; gain = 438.328 ; free physical = 13955 ; free virtual = 27843
---------------------------------------------------------------------------------
---------------------------------------------------------------------------------
Start Loading Part and Timing Information
---------------------------------------------------------------------------------
Loading part: xck26-sfvc784-2LV-c
INFO: [Synth 8-6742] Reading net delay rules and data
---------------------------------------------------------------------------------
Finished Loading Part and Timing Information : Time (s): cpu = 00:00:09 ; elapsed = 00:00:09 . Memory (MB): peak = 2749.250 ; gain = 438.328 ; free physical = 13955 ; free virtual = 27843
---------------------------------------------------------------------------------
---------------------------------------------------------------------------------
Start Applying 'set_property' XDC Constraints
---------------------------------------------------------------------------------
---------------------------------------------------------------------------------
Finished applying 'set_property' XDC Constraints : Time (s): cpu = 00:00:09 ; elapsed = 00:00:09 . Memory (MB): peak = 2749.250 ; gain = 438.328 ; free physical = 13955 ; free virtual = 27843
---------------------------------------------------------------------------------
---------------------------------------------------------------------------------
Finished RTL Optimization Phase 2 : Time (s): cpu = 00:00:09 ; elapsed = 00:00:09 . Memory (MB): peak = 2749.250 ; gain = 438.328 ; free physical = 13950 ; free virtual = 27839
---------------------------------------------------------------------------------
---------------------------------------------------------------------------------
Start RTL Component Statistics 
---------------------------------------------------------------------------------
Detailed RTL Component Info : 
---------------------------------------------------------------------------------
Finished RTL Component Statistics 
---------------------------------------------------------------------------------
---------------------------------------------------------------------------------
Start Part Resource Summary
---------------------------------------------------------------------------------
Part Resources:
DSPs: 1248 (col length:96)
BRAMs: 288 (col length: RAMB18 96 RAMB36 48)
---------------------------------------------------------------------------------
Finished Part Resource Summary
---------------------------------------------------------------------------------
---------------------------------------------------------------------------------
Start Cross Boundary and Area Optimization
---------------------------------------------------------------------------------
WARNING: [Synth 8-7080] Parallel synthesis criteria is not met
WARNING: [Synth 8-3330] design design_1_spliter_128to32_0_1 has an empty top module
---------------------------------------------------------------------------------
Finished Cross Boundary and Area Optimization : Time (s): cpu = 00:00:10 ; elapsed = 00:00:10 . Memory (MB): peak = 2749.250 ; gain = 438.328 ; free physical = 13972 ; free virtual = 27861
---------------------------------------------------------------------------------
---------------------------------------------------------------------------------
Start Applying XDC Timing Constraints
---------------------------------------------------------------------------------
---------------------------------------------------------------------------------
Finished Applying XDC Timing Constraints : Time (s): cpu = 00:00:17 ; elapsed = 00:00:17 . Memory (MB): peak = 3225.551 ; gain = 914.629 ; free physical = 13575 ; free virtual = 27464
---------------------------------------------------------------------------------
---------------------------------------------------------------------------------
Start Timing Optimization
---------------------------------------------------------------------------------
---------------------------------------------------------------------------------
Finished Timing Optimization : Time (s): cpu = 00:00:17 ; elapsed = 00:00:17 . Memory (MB): peak = 3225.551 ; gain = 914.629 ; free physical = 13575 ; free virtual = 27464
---------------------------------------------------------------------------------
---------------------------------------------------------------------------------
Start Technology Mapping
---------------------------------------------------------------------------------
---------------------------------------------------------------------------------
Finished Technology Mapping : Time (s): cpu = 00:00:17 ; elapsed = 00:00:17 . Memory (MB): peak = 3234.566 ; gain = 923.645 ; free physical = 13566 ; free virtual = 27455
---------------------------------------------------------------------------------
---------------------------------------------------------------------------------
Start IO Insertion
---------------------------------------------------------------------------------
---------------------------------------------------------------------------------
Start Flattening Before IO Insertion
---------------------------------------------------------------------------------
---------------------------------------------------------------------------------
Finished Flattening Before IO Insertion
---------------------------------------------------------------------------------
---------------------------------------------------------------------------------
Start Final Netlist Cleanup
---------------------------------------------------------------------------------
---------------------------------------------------------------------------------
Finished Final Netlist Cleanup
---------------------------------------------------------------------------------
---------------------------------------------------------------------------------
Finished IO Insertion : Time (s): cpu = 00:00:20 ; elapsed = 00:00:20 . Memory (MB): peak = 3250.410 ; gain = 939.488 ; free physical = 13540 ; free virtual = 27429
---------------------------------------------------------------------------------
---------------------------------------------------------------------------------
Start Renaming Generated Instances
---------------------------------------------------------------------------------
---------------------------------------------------------------------------------
Finished Renaming Generated Instances : Time (s): cpu = 00:00:20 ; elapsed = 00:00:20 . Memory (MB): peak = 3250.410 ; gain = 939.488 ; free physical = 13540 ; free virtual = 27429
---------------------------------------------------------------------------------
---------------------------------------------------------------------------------
Start Rebuilding User Hierarchy
---------------------------------------------------------------------------------
---------------------------------------------------------------------------------
Finished Rebuilding User Hierarchy : Time (s): cpu = 00:00:20 ; elapsed = 00:00:20 . Memory (MB): peak = 3250.410 ; gain = 939.488 ; free physical = 13540 ; free virtual = 27429
---------------------------------------------------------------------------------
---------------------------------------------------------------------------------
Start Renaming Generated Ports
---------------------------------------------------------------------------------
---------------------------------------------------------------------------------
Finished Renaming Generated Ports : Time (s): cpu = 00:00:20 ; elapsed = 00:00:20 . Memory (MB): peak = 3250.410 ; gain = 939.488 ; free physical = 13540 ; free virtual = 27429
---------------------------------------------------------------------------------
---------------------------------------------------------------------------------
Start Handling Custom Attributes
---------------------------------------------------------------------------------
---------------------------------------------------------------------------------
Finished Handling Custom Attributes : Time (s): cpu = 00:00:20 ; elapsed = 00:00:20 . Memory (MB): peak = 3250.410 ; gain = 939.488 ; free physical = 13540 ; free virtual = 27429
---------------------------------------------------------------------------------
---------------------------------------------------------------------------------
Start Renaming Generated Nets
---------------------------------------------------------------------------------
---------------------------------------------------------------------------------
Finished Renaming Generated Nets : Time (s): cpu = 00:00:20 ; elapsed = 00:00:20 . Memory (MB): peak = 3250.410 ; gain = 939.488 ; free physical = 13540 ; free virtual = 27429
---------------------------------------------------------------------------------
---------------------------------------------------------------------------------
Start Writing Synthesis Report
---------------------------------------------------------------------------------

Report BlackBoxes: 
+-+--------------+----------+
| |BlackBox name |Instances |
+-+--------------+----------+
+-+--------------+----------+

Report Cell Usage: 
+-+-----+------+
| |Cell |Count |
+-+-----+------+
+-+-----+------+
---------------------------------------------------------------------------------
Finished Writing Synthesis Report : Time (s): cpu = 00:00:20 ; elapsed = 00:00:20 . Memory (MB): peak = 3250.410 ; gain = 939.488 ; free physical = 13540 ; free virtual = 27429
---------------------------------------------------------------------------------
Synthesis finished with 0 errors, 0 critical warnings and 2 warnings.
Synthesis Optimization Runtime : Time (s): cpu = 00:00:19 ; elapsed = 00:00:19 . Memory (MB): peak = 3250.410 ; gain = 867.789 ; free physical = 13540 ; free virtual = 27429
Synthesis Optimization Complete : Time (s): cpu = 00:00:20 ; elapsed = 00:00:20 . Memory (MB): peak = 3250.418 ; gain = 939.488 ; free physical = 13540 ; free virtual = 27429
INFO: [Project 1-571] Translating synthesized netlist
Netlist sorting complete. Time (s): cpu = 00:00:00 ; elapsed = 00:00:00 . Memory (MB): peak = 3250.418 ; gain = 0.000 ; free physical = 13540 ; free virtual = 27429
INFO: [Project 1-570] Preparing netlist for logic optimization
INFO: [Opt 31-138] Pushed 0 inverter(s) to 0 load pin(s).
Netlist sorting complete. Time (s): cpu = 00:00:00 ; elapsed = 00:00:00 . Memory (MB): peak = 3282.129 ; gain = 0.000 ; free physical = 13799 ; free virtual = 27688
INFO: [Project 1-111] Unisim Transformation Summary:
No Unisim elements were transformed.

Synth Design complete | Checksum: 42228f20
INFO: [Common 17-83] Releasing license: Synthesis
22 Infos, 2 Warnings, 0 Critical Warnings and 0 Errors encountered.
synth_design completed successfully
synth_design: Time (s): cpu = 00:00:26 ; elapsed = 00:00:24 . Memory (MB): peak = 3282.164 ; gain = 1896.336 ; free physical = 13799 ; free virtual = 27688
INFO: [Common 17-2834] synth_design peak Physical Memory [PSS] (MB): overall = 2826.501; main = 2521.170; forked = 382.274
INFO: [Common 17-2834] synth_design peak Virtual Memory [VSS] (MB): overall = 4216.008; main = 3282.133; forked = 981.438
INFO: [Common 17-1381] The checkpoint '/home/jgaitan/Documents/proyecto_1_borrador/project_1/project_1.runs/design_1_spliter_128to32_0_1_synth_1/design_1_spliter_128to32_0_1.dcp' has been generated.
INFO: [Coretcl 2-1648] Added synthesis output to IP cache for IP design_1_spliter_128to32_0_1, cache-ID = fd7fe76f5fcd2e21
INFO: [Common 17-1381] The checkpoint '/home/jgaitan/Documents/proyecto_1_borrador/project_1/project_1.runs/design_1_spliter_128to32_0_1_synth_1/design_1_spliter_128to32_0_1.dcp' has been generated.
INFO: [runtcl-4] Executing : report_utilization -file design_1_spliter_128to32_0_1_utilization_synth.rpt -pb design_1_spliter_128to32_0_1_utilization_synth.pb
INFO: [Common 17-206] Exiting Vivado at Wed Feb 11 23:46:47 2026...
