
*** Running vivado
    with args -log design_1_wrapper.vds -m64 -product Vivado -mode batch -messageDb vivado.pb -notrace -source design_1_wrapper.tcl


****** Vivado v2023.2 (64-bit)
  **** SW Build 4029153 on Fri Oct 13 20:13:54 MDT 2023
  **** IP Build 4028589 on Sat Oct 14 00:45:43 MDT 2023
  **** SharedData Build 4025554 on Tue Oct 10 17:18:54 MDT 2023
    ** Copyright 1986-2022 Xilinx, Inc. All Rights Reserved.
    ** Copyright 2022-2023 Advanced Micro Devices, Inc. All Rights Reserved.

source design_1_wrapper.tcl -notrace
create_project: Time (s): cpu = 00:00:05 ; elapsed = 00:00:05 . Memory (MB): peak = 1335.785 ; gain = 34.836 ; free physical = 13872 ; free virtual = 27766
INFO: [IP_Flow 19-234] Refreshing IP repositories
INFO: [IP_Flow 19-1704] No user IP repositories specified
INFO: [IP_Flow 19-2313] Loaded Vivado IP repository '/tools/Xilinx-2023.2/Vivado/2023.2/data/ip'.
Command: synth_design -top design_1_wrapper -part xck26-sfvc784-2LV-c
Starting synth_design
Attempting to get a license for feature 'Synthesis' and/or device 'xck26'
INFO: [Common 17-349] Got license for feature 'Synthesis' and/or device 'xck26'
INFO: [Device 21-403] Loading part xck26-sfvc784-2LV-c
INFO: [Synth 8-7079] Multithreading enabled for synth_design using a maximum of 4 processes.
INFO: [Synth 8-7078] Launching helper process for spawning children vivado processes
INFO: [Synth 8-7075] Helper process launched with PID 393075
---------------------------------------------------------------------------------
Starting RTL Elaboration : Time (s): cpu = 00:00:03 ; elapsed = 00:00:03 . Memory (MB): peak = 2618.172 ; gain = 285.863 ; free physical = 12316 ; free virtual = 26209
---------------------------------------------------------------------------------
INFO: [Synth 8-6157] synthesizing module 'design_1_wrapper' [/home/jgaitan/Documents/proyecto_1_borrador/project_1/project_1.gen/sources_1/bd/design_1/hdl/design_1_wrapper.v:13]
INFO: [Synth 8-6157] synthesizing module 'design_1' [/home/jgaitan/Documents/proyecto_1_borrador/project_1/project_1.gen/sources_1/bd/design_1/synth/design_1.v:13]
INFO: [Synth 8-6157] synthesizing module 'design_1_axi_gpio_0_0' [/home/jgaitan/Documents/proyecto_1_borrador/project_1/project_1.runs/synth_1/.Xil/Vivado-392784-73bff328fa37/realtime/design_1_axi_gpio_0_0_stub.v:6]
INFO: [Synth 8-6155] done synthesizing module 'design_1_axi_gpio_0_0' (0#1) [/home/jgaitan/Documents/proyecto_1_borrador/project_1/project_1.runs/synth_1/.Xil/Vivado-392784-73bff328fa37/realtime/design_1_axi_gpio_0_0_stub.v:6]
WARNING: [Synth 8-7071] port 'gpio_io_t' of module 'design_1_axi_gpio_0_0' is unconnected for instance 'axi_gpio_0' [/home/jgaitan/Documents/proyecto_1_borrador/project_1/project_1.gen/sources_1/bd/design_1/synth/design_1.v:140]
WARNING: [Synth 8-7071] port 'gpio2_io_t' of module 'design_1_axi_gpio_0_0' is unconnected for instance 'axi_gpio_0' [/home/jgaitan/Documents/proyecto_1_borrador/project_1/project_1.gen/sources_1/bd/design_1/synth/design_1.v:140]
WARNING: [Synth 8-7023] instance 'axi_gpio_0' of module 'design_1_axi_gpio_0_0' has 25 connections declared, but only 23 given [/home/jgaitan/Documents/proyecto_1_borrador/project_1/project_1.gen/sources_1/bd/design_1/synth/design_1.v:140]
INFO: [Synth 8-6157] synthesizing module 'design_1_axi_gpio_1_0' [/home/jgaitan/Documents/proyecto_1_borrador/project_1/project_1.runs/synth_1/.Xil/Vivado-392784-73bff328fa37/realtime/design_1_axi_gpio_1_0_stub.v:6]
INFO: [Synth 8-6155] done synthesizing module 'design_1_axi_gpio_1_0' (0#1) [/home/jgaitan/Documents/proyecto_1_borrador/project_1/project_1.runs/synth_1/.Xil/Vivado-392784-73bff328fa37/realtime/design_1_axi_gpio_1_0_stub.v:6]
WARNING: [Synth 8-7071] port 'gpio_io_t' of module 'design_1_axi_gpio_1_0' is unconnected for instance 'axi_gpio_1' [/home/jgaitan/Documents/proyecto_1_borrador/project_1/project_1.gen/sources_1/bd/design_1/synth/design_1.v:164]
WARNING: [Synth 8-7071] port 'gpio2_io_t' of module 'design_1_axi_gpio_1_0' is unconnected for instance 'axi_gpio_1' [/home/jgaitan/Documents/proyecto_1_borrador/project_1/project_1.gen/sources_1/bd/design_1/synth/design_1.v:164]
WARNING: [Synth 8-7023] instance 'axi_gpio_1' of module 'design_1_axi_gpio_1_0' has 25 connections declared, but only 23 given [/home/jgaitan/Documents/proyecto_1_borrador/project_1/project_1.gen/sources_1/bd/design_1/synth/design_1.v:164]
INFO: [Synth 8-6157] synthesizing module 'design_1_ps8_0_axi_periph_0' [/home/jgaitan/Documents/proyecto_1_borrador/project_1/project_1.gen/sources_1/bd/design_1/synth/design_1.v:414]
INFO: [Synth 8-6157] synthesizing module 'm00_couplers_imp_QJIMLI' [/home/jgaitan/Documents/proyecto_1_borrador/project_1/project_1.gen/sources_1/bd/design_1/synth/design_1.v:1186]
INFO: [Synth 8-6155] done synthesizing module 'm00_couplers_imp_QJIMLI' (0#1) [/home/jgaitan/Documents/proyecto_1_borrador/project_1/project_1.gen/sources_1/bd/design_1/synth/design_1.v:1186]
INFO: [Synth 8-6157] synthesizing module 'm01_couplers_imp_1D3SAH3' [/home/jgaitan/Documents/proyecto_1_borrador/project_1/project_1.gen/sources_1/bd/design_1/synth/design_1.v:1318]
INFO: [Synth 8-6155] done synthesizing module 'm01_couplers_imp_1D3SAH3' (0#1) [/home/jgaitan/Documents/proyecto_1_borrador/project_1/project_1.gen/sources_1/bd/design_1/synth/design_1.v:1318]
INFO: [Synth 8-6157] synthesizing module 's00_couplers_imp_1A7ZMW4' [/home/jgaitan/Documents/proyecto_1_borrador/project_1/project_1.gen/sources_1/bd/design_1/synth/design_1.v:1450]
INFO: [Synth 8-6157] synthesizing module 'design_1_auto_ds_0' [/home/jgaitan/Documents/proyecto_1_borrador/project_1/project_1.runs/synth_1/.Xil/Vivado-392784-73bff328fa37/realtime/design_1_auto_ds_0_stub.v:6]
INFO: [Synth 8-6155] done synthesizing module 'design_1_auto_ds_0' (0#1) [/home/jgaitan/Documents/proyecto_1_borrador/project_1/project_1.runs/synth_1/.Xil/Vivado-392784-73bff328fa37/realtime/design_1_auto_ds_0_stub.v:6]
INFO: [Synth 8-6157] synthesizing module 'design_1_auto_pc_0' [/home/jgaitan/Documents/proyecto_1_borrador/project_1/project_1.runs/synth_1/.Xil/Vivado-392784-73bff328fa37/realtime/design_1_auto_pc_0_stub.v:6]
INFO: [Synth 8-6155] done synthesizing module 'design_1_auto_pc_0' (0#1) [/home/jgaitan/Documents/proyecto_1_borrador/project_1/project_1.runs/synth_1/.Xil/Vivado-392784-73bff328fa37/realtime/design_1_auto_pc_0_stub.v:6]
INFO: [Synth 8-6155] done synthesizing module 's00_couplers_imp_1A7ZMW4' (0#1) [/home/jgaitan/Documents/proyecto_1_borrador/project_1/project_1.gen/sources_1/bd/design_1/synth/design_1.v:1450]
INFO: [Synth 8-6157] synthesizing module 's01_couplers_imp_KGUFR9' [/home/jgaitan/Documents/proyecto_1_borrador/project_1/project_1.gen/sources_1/bd/design_1/synth/design_1.v:1860]
INFO: [Synth 8-6157] synthesizing module 'design_1_auto_ds_1' [/home/jgaitan/Documents/proyecto_1_borrador/project_1/project_1.runs/synth_1/.Xil/Vivado-392784-73bff328fa37/realtime/design_1_auto_ds_1_stub.v:6]
INFO: [Synth 8-6155] done synthesizing module 'design_1_auto_ds_1' (0#1) [/home/jgaitan/Documents/proyecto_1_borrador/project_1/project_1.runs/synth_1/.Xil/Vivado-392784-73bff328fa37/realtime/design_1_auto_ds_1_stub.v:6]
INFO: [Synth 8-6157] synthesizing module 'design_1_auto_pc_1' [/home/jgaitan/Documents/proyecto_1_borrador/project_1/project_1.runs/synth_1/.Xil/Vivado-392784-73bff328fa37/realtime/design_1_auto_pc_1_stub.v:6]
INFO: [Synth 8-6155] done synthesizing module 'design_1_auto_pc_1' (0#1) [/home/jgaitan/Documents/proyecto_1_borrador/project_1/project_1.runs/synth_1/.Xil/Vivado-392784-73bff328fa37/realtime/design_1_auto_pc_1_stub.v:6]
INFO: [Synth 8-6155] done synthesizing module 's01_couplers_imp_KGUFR9' (0#1) [/home/jgaitan/Documents/proyecto_1_borrador/project_1/project_1.gen/sources_1/bd/design_1/synth/design_1.v:1860]
INFO: [Synth 8-6157] synthesizing module 'design_1_xbar_0' [/home/jgaitan/Documents/proyecto_1_borrador/project_1/project_1.runs/synth_1/.Xil/Vivado-392784-73bff328fa37/realtime/design_1_xbar_0_stub.v:6]
INFO: [Synth 8-6155] done synthesizing module 'design_1_xbar_0' (0#1) [/home/jgaitan/Documents/proyecto_1_borrador/project_1/project_1.runs/synth_1/.Xil/Vivado-392784-73bff328fa37/realtime/design_1_xbar_0_stub.v:6]
WARNING: [Synth 8-7071] port 'm_axi_awprot' of module 'design_1_xbar_0' is unconnected for instance 'xbar' [/home/jgaitan/Documents/proyecto_1_borrador/project_1/project_1.gen/sources_1/bd/design_1/synth/design_1.v:1145]
WARNING: [Synth 8-7071] port 'm_axi_arprot' of module 'design_1_xbar_0' is unconnected for instance 'xbar' [/home/jgaitan/Documents/proyecto_1_borrador/project_1/project_1.gen/sources_1/bd/design_1/synth/design_1.v:1145]
WARNING: [Synth 8-7023] instance 'xbar' of module 'design_1_xbar_0' has 40 connections declared, but only 38 given [/home/jgaitan/Documents/proyecto_1_borrador/project_1/project_1.gen/sources_1/bd/design_1/synth/design_1.v:1145]
INFO: [Synth 8-6155] done synthesizing module 'design_1_ps8_0_axi_periph_0' (0#1) [/home/jgaitan/Documents/proyecto_1_borrador/project_1/project_1.gen/sources_1/bd/design_1/synth/design_1.v:414]
INFO: [Synth 8-6157] synthesizing module 'design_1_rst_ps8_0_99M_0' [/home/jgaitan/Documents/proyecto_1_borrador/project_1/project_1.runs/synth_1/.Xil/Vivado-392784-73bff328fa37/realtime/design_1_rst_ps8_0_99M_0_stub.v:6]
INFO: [Synth 8-6155] done synthesizing module 'design_1_rst_ps8_0_99M_0' (0#1) [/home/jgaitan/Documents/proyecto_1_borrador/project_1/project_1.runs/synth_1/.Xil/Vivado-392784-73bff328fa37/realtime/design_1_rst_ps8_0_99M_0_stub.v:6]
WARNING: [Synth 8-7071] port 'mb_reset' of module 'design_1_rst_ps8_0_99M_0' is unconnected for instance 'rst_ps8_0_99M' [/home/jgaitan/Documents/proyecto_1_borrador/project_1/project_1.gen/sources_1/bd/design_1/synth/design_1.v:307]
WARNING: [Synth 8-7071] port 'bus_struct_reset' of module 'design_1_rst_ps8_0_99M_0' is unconnected for instance 'rst_ps8_0_99M' [/home/jgaitan/Documents/proyecto_1_borrador/project_1/project_1.gen/sources_1/bd/design_1/synth/design_1.v:307]
WARNING: [Synth 8-7071] port 'peripheral_reset' of module 'design_1_rst_ps8_0_99M_0' is unconnected for instance 'rst_ps8_0_99M' [/home/jgaitan/Documents/proyecto_1_borrador/project_1/project_1.gen/sources_1/bd/design_1/synth/design_1.v:307]
WARNING: [Synth 8-7071] port 'interconnect_aresetn' of module 'design_1_rst_ps8_0_99M_0' is unconnected for instance 'rst_ps8_0_99M' [/home/jgaitan/Documents/proyecto_1_borrador/project_1/project_1.gen/sources_1/bd/design_1/synth/design_1.v:307]
WARNING: [Synth 8-7023] instance 'rst_ps8_0_99M' of module 'design_1_rst_ps8_0_99M_0' has 10 connections declared, but only 6 given [/home/jgaitan/Documents/proyecto_1_borrador/project_1/project_1.gen/sources_1/bd/design_1/synth/design_1.v:307]
INFO: [Synth 8-6157] synthesizing module 'design_1_single_cycle_multipl_0_1' [/home/jgaitan/Documents/proyecto_1_borrador/project_1/project_1.runs/synth_1/.Xil/Vivado-392784-73bff328fa37/realtime/design_1_single_cycle_multipl_0_1_stub.v:6]
INFO: [Synth 8-6155] done synthesizing module 'design_1_single_cycle_multipl_0_1' (0#1) [/home/jgaitan/Documents/proyecto_1_borrador/project_1/project_1.runs/synth_1/.Xil/Vivado-392784-73bff328fa37/realtime/design_1_single_cycle_multipl_0_1_stub.v:6]
INFO: [Synth 8-6157] synthesizing module 'design_1_spliter_128to32_0_1' [/home/jgaitan/Documents/proyecto_1_borrador/project_1/project_1.runs/synth_1/.Xil/Vivado-392784-73bff328fa37/realtime/design_1_spliter_128to32_0_1_stub.v:6]
INFO: [Synth 8-6155] done synthesizing module 'design_1_spliter_128to32_0_1' (0#1) [/home/jgaitan/Documents/proyecto_1_borrador/project_1/project_1.runs/synth_1/.Xil/Vivado-392784-73bff328fa37/realtime/design_1_spliter_128to32_0_1_stub.v:6]
INFO: [Synth 8-6157] synthesizing module 'design_1_xlconcat_0_0' [/home/jgaitan/Documents/proyecto_1_borrador/project_1/project_1.gen/sources_1/bd/design_1/ip/design_1_xlconcat_0_0/synth/design_1_xlconcat_0_0.v:53]
INFO: [Synth 8-6157] synthesizing module 'xlconcat_v2_1_5_xlconcat' [/home/jgaitan/Documents/proyecto_1_borrador/project_1/project_1.gen/sources_1/bd/design_1/ipshared/147b/hdl/xlconcat_v2_1_vl_rfs.v:59]
INFO: [Synth 8-6155] done synthesizing module 'xlconcat_v2_1_5_xlconcat' (0#1) [/home/jgaitan/Documents/proyecto_1_borrador/project_1/project_1.gen/sources_1/bd/design_1/ipshared/147b/hdl/xlconcat_v2_1_vl_rfs.v:59]
INFO: [Synth 8-6155] done synthesizing module 'design_1_xlconcat_0_0' (0#1) [/home/jgaitan/Documents/proyecto_1_borrador/project_1/project_1.gen/sources_1/bd/design_1/ip/design_1_xlconcat_0_0/synth/design_1_xlconcat_0_0.v:53]
INFO: [Synth 8-6157] synthesizing module 'design_1_xlconcat_1_0' [/home/jgaitan/Documents/proyecto_1_borrador/project_1/project_1.gen/sources_1/bd/design_1/ip/design_1_xlconcat_1_0/synth/design_1_xlconcat_1_0.v:53]
INFO: [Synth 8-6155] done synthesizing module 'design_1_xlconcat_1_0' (0#1) [/home/jgaitan/Documents/proyecto_1_borrador/project_1/project_1.gen/sources_1/bd/design_1/ip/design_1_xlconcat_1_0/synth/design_1_xlconcat_1_0.v:53]
INFO: [Synth 8-6157] synthesizing module 'design_1_zynq_ultra_ps_e_0_0' [/home/jgaitan/Documents/proyecto_1_borrador/project_1/project_1.runs/synth_1/.Xil/Vivado-392784-73bff328fa37/realtime/design_1_zynq_ultra_ps_e_0_0_stub.v:6]
INFO: [Synth 8-6155] done synthesizing module 'design_1_zynq_ultra_ps_e_0_0' (0#1) [/home/jgaitan/Documents/proyecto_1_borrador/project_1/project_1.runs/synth_1/.Xil/Vivado-392784-73bff328fa37/realtime/design_1_zynq_ultra_ps_e_0_0_stub.v:6]
WARNING: [Synth 8-7071] port 'maxigp0_awuser' of module 'design_1_zynq_ultra_ps_e_0_0' is unconnected for instance 'zynq_ultra_ps_e_0' [/home/jgaitan/Documents/proyecto_1_borrador/project_1/project_1.gen/sources_1/bd/design_1/synth/design_1.v:332]
WARNING: [Synth 8-7071] port 'maxigp0_aruser' of module 'design_1_zynq_ultra_ps_e_0_0' is unconnected for instance 'zynq_ultra_ps_e_0' [/home/jgaitan/Documents/proyecto_1_borrador/project_1/project_1.gen/sources_1/bd/design_1/synth/design_1.v:332]
WARNING: [Synth 8-7071] port 'maxigp1_awuser' of module 'design_1_zynq_ultra_ps_e_0_0' is unconnected for instance 'zynq_ultra_ps_e_0' [/home/jgaitan/Documents/proyecto_1_borrador/project_1/project_1.gen/sources_1/bd/design_1/synth/design_1.v:332]
WARNING: [Synth 8-7071] port 'maxigp1_aruser' of module 'design_1_zynq_ultra_ps_e_0_0' is unconnected for instance 'zynq_ultra_ps_e_0' [/home/jgaitan/Documents/proyecto_1_borrador/project_1/project_1.gen/sources_1/bd/design_1/synth/design_1.v:332]
WARNING: [Synth 8-7023] instance 'zynq_ultra_ps_e_0' of module 'design_1_zynq_ultra_ps_e_0_0' has 83 connections declared, but only 79 given [/home/jgaitan/Documents/proyecto_1_borrador/project_1/project_1.gen/sources_1/bd/design_1/synth/design_1.v:332]
INFO: [Synth 8-6155] done synthesizing module 'design_1' (0#1) [/home/jgaitan/Documents/proyecto_1_borrador/project_1/project_1.gen/sources_1/bd/design_1/synth/design_1.v:13]
INFO: [Synth 8-6155] done synthesizing module 'design_1_wrapper' (0#1) [/home/jgaitan/Documents/proyecto_1_borrador/project_1/project_1.gen/sources_1/bd/design_1/hdl/design_1_wrapper.v:13]
WARNING: [Synth 8-7129] Port In2[0] in module xlconcat_v2_1_5_xlconcat is either unconnected or has no load
WARNING: [Synth 8-7129] Port In3[0] in module xlconcat_v2_1_5_xlconcat is either unconnected or has no load
WARNING: [Synth 8-7129] Port In4[0] in module xlconcat_v2_1_5_xlconcat is either unconnected or has no load
WARNING: [Synth 8-7129] Port In5[0] in module xlconcat_v2_1_5_xlconcat is either unconnected or has no load
WARNING: [Synth 8-7129] Port In6[0] in module xlconcat_v2_1_5_xlconcat is either unconnected or has no load
WARNING: [Synth 8-7129] Port In7[0] in module xlconcat_v2_1_5_xlconcat is either unconnected or has no load
WARNING: [Synth 8-7129] Port In8[0] in module xlconcat_v2_1_5_xlconcat is either unconnected or has no load
WARNING: [Synth 8-7129] Port In9[0] in module xlconcat_v2_1_5_xlconcat is either unconnected or has no load
WARNING: [Synth 8-7129] Port In10[0] in module xlconcat_v2_1_5_xlconcat is either unconnected or has no load
WARNING: [Synth 8-7129] Port In11[0] in module xlconcat_v2_1_5_xlconcat is either unconnected or has no load
WARNING: [Synth 8-7129] Port In12[0] in module xlconcat_v2_1_5_xlconcat is either unconnected or has no load
WARNING: [Synth 8-7129] Port In13[0] in module xlconcat_v2_1_5_xlconcat is either unconnected or has no load
WARNING: [Synth 8-7129] Port In14[0] in module xlconcat_v2_1_5_xlconcat is either unconnected or has no load
WARNING: [Synth 8-7129] Port In15[0] in module xlconcat_v2_1_5_xlconcat is either unconnected or has no load
WARNING: [Synth 8-7129] Port In16[0] in module xlconcat_v2_1_5_xlconcat is either unconnected or has no load
WARNING: [Synth 8-7129] Port In17[0] in module xlconcat_v2_1_5_xlconcat is either unconnected or has no load
WARNING: [Synth 8-7129] Port In18[0] in module xlconcat_v2_1_5_xlconcat is either unconnected or has no load
WARNING: [Synth 8-7129] Port In19[0] in module xlconcat_v2_1_5_xlconcat is either unconnected or has no load
WARNING: [Synth 8-7129] Port In20[0] in module xlconcat_v2_1_5_xlconcat is either unconnected or has no load
WARNING: [Synth 8-7129] Port In21[0] in module xlconcat_v2_1_5_xlconcat is either unconnected or has no load
WARNING: [Synth 8-7129] Port In22[0] in module xlconcat_v2_1_5_xlconcat is either unconnected or has no load
WARNING: [Synth 8-7129] Port In23[0] in module xlconcat_v2_1_5_xlconcat is either unconnected or has no load
WARNING: [Synth 8-7129] Port In24[0] in module xlconcat_v2_1_5_xlconcat is either unconnected or has no load
WARNING: [Synth 8-7129] Port In25[0] in module xlconcat_v2_1_5_xlconcat is either unconnected or has no load
WARNING: [Synth 8-7129] Port In26[0] in module xlconcat_v2_1_5_xlconcat is either unconnected or has no load
WARNING: [Synth 8-7129] Port In27[0] in module xlconcat_v2_1_5_xlconcat is either unconnected or has no load
WARNING: [Synth 8-7129] Port In28[0] in module xlconcat_v2_1_5_xlconcat is either unconnected or has no load
WARNING: [Synth 8-7129] Port In29[0] in module xlconcat_v2_1_5_xlconcat is either unconnected or has no load
WARNING: [Synth 8-7129] Port In30[0] in module xlconcat_v2_1_5_xlconcat is either unconnected or has no load
WARNING: [Synth 8-7129] Port In31[0] in module xlconcat_v2_1_5_xlconcat is either unconnected or has no load
WARNING: [Synth 8-7129] Port In32[0] in module xlconcat_v2_1_5_xlconcat is either unconnected or has no load
WARNING: [Synth 8-7129] Port In33[0] in module xlconcat_v2_1_5_xlconcat is either unconnected or has no load
WARNING: [Synth 8-7129] Port In34[0] in module xlconcat_v2_1_5_xlconcat is either unconnected or has no load
WARNING: [Synth 8-7129] Port In35[0] in module xlconcat_v2_1_5_xlconcat is either unconnected or has no load
WARNING: [Synth 8-7129] Port In36[0] in module xlconcat_v2_1_5_xlconcat is either unconnected or has no load
WARNING: [Synth 8-7129] Port In37[0] in module xlconcat_v2_1_5_xlconcat is either unconnected or has no load
WARNING: [Synth 8-7129] Port In38[0] in module xlconcat_v2_1_5_xlconcat is either unconnected or has no load
WARNING: [Synth 8-7129] Port In39[0] in module xlconcat_v2_1_5_xlconcat is either unconnected or has no load
WARNING: [Synth 8-7129] Port In40[0] in module xlconcat_v2_1_5_xlconcat is either unconnected or has no load
WARNING: [Synth 8-7129] Port In41[0] in module xlconcat_v2_1_5_xlconcat is either unconnected or has no load
WARNING: [Synth 8-7129] Port In42[0] in module xlconcat_v2_1_5_xlconcat is either unconnected or has no load
WARNING: [Synth 8-7129] Port In43[0] in module xlconcat_v2_1_5_xlconcat is either unconnected or has no load
WARNING: [Synth 8-7129] Port In44[0] in module xlconcat_v2_1_5_xlconcat is either unconnected or has no load
WARNING: [Synth 8-7129] Port In45[0] in module xlconcat_v2_1_5_xlconcat is either unconnected or has no load
WARNING: [Synth 8-7129] Port In46[0] in module xlconcat_v2_1_5_xlconcat is either unconnected or has no load
WARNING: [Synth 8-7129] Port In47[0] in module xlconcat_v2_1_5_xlconcat is either unconnected or has no load
WARNING: [Synth 8-7129] Port In48[0] in module xlconcat_v2_1_5_xlconcat is either unconnected or has no load
WARNING: [Synth 8-7129] Port In49[0] in module xlconcat_v2_1_5_xlconcat is either unconnected or has no load
WARNING: [Synth 8-7129] Port In50[0] in module xlconcat_v2_1_5_xlconcat is either unconnected or has no load
WARNING: [Synth 8-7129] Port In51[0] in module xlconcat_v2_1_5_xlconcat is either unconnected or has no load
WARNING: [Synth 8-7129] Port In52[0] in module xlconcat_v2_1_5_xlconcat is either unconnected or has no load
WARNING: [Synth 8-7129] Port In53[0] in module xlconcat_v2_1_5_xlconcat is either unconnected or has no load
WARNING: [Synth 8-7129] Port In54[0] in module xlconcat_v2_1_5_xlconcat is either unconnected or has no load
WARNING: [Synth 8-7129] Port In55[0] in module xlconcat_v2_1_5_xlconcat is either unconnected or has no load
WARNING: [Synth 8-7129] Port In56[0] in module xlconcat_v2_1_5_xlconcat is either unconnected or has no load
WARNING: [Synth 8-7129] Port In57[0] in module xlconcat_v2_1_5_xlconcat is either unconnected or has no load
WARNING: [Synth 8-7129] Port In58[0] in module xlconcat_v2_1_5_xlconcat is either unconnected or has no load
WARNING: [Synth 8-7129] Port In59[0] in module xlconcat_v2_1_5_xlconcat is either unconnected or has no load
WARNING: [Synth 8-7129] Port In60[0] in module xlconcat_v2_1_5_xlconcat is either unconnected or has no load
WARNING: [Synth 8-7129] Port In61[0] in module xlconcat_v2_1_5_xlconcat is either unconnected or has no load
WARNING: [Synth 8-7129] Port In62[0] in module xlconcat_v2_1_5_xlconcat is either unconnected or has no load
WARNING: [Synth 8-7129] Port In63[0] in module xlconcat_v2_1_5_xlconcat is either unconnected or has no load
WARNING: [Synth 8-7129] Port In64[0] in module xlconcat_v2_1_5_xlconcat is either unconnected or has no load
WARNING: [Synth 8-7129] Port In65[0] in module xlconcat_v2_1_5_xlconcat is either unconnected or has no load
WARNING: [Synth 8-7129] Port In66[0] in module xlconcat_v2_1_5_xlconcat is either unconnected or has no load
WARNING: [Synth 8-7129] Port In67[0] in module xlconcat_v2_1_5_xlconcat is either unconnected or has no load
WARNING: [Synth 8-7129] Port In68[0] in module xlconcat_v2_1_5_xlconcat is either unconnected or has no load
WARNING: [Synth 8-7129] Port In69[0] in module xlconcat_v2_1_5_xlconcat is either unconnected or has no load
WARNING: [Synth 8-7129] Port In70[0] in module xlconcat_v2_1_5_xlconcat is either unconnected or has no load
WARNING: [Synth 8-7129] Port In71[0] in module xlconcat_v2_1_5_xlconcat is either unconnected or has no load
WARNING: [Synth 8-7129] Port In72[0] in module xlconcat_v2_1_5_xlconcat is either unconnected or has no load
WARNING: [Synth 8-7129] Port In73[0] in module xlconcat_v2_1_5_xlconcat is either unconnected or has no load
WARNING: [Synth 8-7129] Port In74[0] in module xlconcat_v2_1_5_xlconcat is either unconnected or has no load
WARNING: [Synth 8-7129] Port In75[0] in module xlconcat_v2_1_5_xlconcat is either unconnected or has no load
WARNING: [Synth 8-7129] Port In76[0] in module xlconcat_v2_1_5_xlconcat is either unconnected or has no load
WARNING: [Synth 8-7129] Port In77[0] in module xlconcat_v2_1_5_xlconcat is either unconnected or has no load
WARNING: [Synth 8-7129] Port In78[0] in module xlconcat_v2_1_5_xlconcat is either unconnected or has no load
WARNING: [Synth 8-7129] Port In79[0] in module xlconcat_v2_1_5_xlconcat is either unconnected or has no load
WARNING: [Synth 8-7129] Port In80[0] in module xlconcat_v2_1_5_xlconcat is either unconnected or has no load
WARNING: [Synth 8-7129] Port In81[0] in module xlconcat_v2_1_5_xlconcat is either unconnected or has no load
WARNING: [Synth 8-7129] Port In82[0] in module xlconcat_v2_1_5_xlconcat is either unconnected or has no load
WARNING: [Synth 8-7129] Port In83[0] in module xlconcat_v2_1_5_xlconcat is either unconnected or has no load
WARNING: [Synth 8-7129] Port In84[0] in module xlconcat_v2_1_5_xlconcat is either unconnected or has no load
WARNING: [Synth 8-7129] Port In85[0] in module xlconcat_v2_1_5_xlconcat is either unconnected or has no load
WARNING: [Synth 8-7129] Port In86[0] in module xlconcat_v2_1_5_xlconcat is either unconnected or has no load
WARNING: [Synth 8-7129] Port In87[0] in module xlconcat_v2_1_5_xlconcat is either unconnected or has no load
WARNING: [Synth 8-7129] Port In88[0] in module xlconcat_v2_1_5_xlconcat is either unconnected or has no load
WARNING: [Synth 8-7129] Port In89[0] in module xlconcat_v2_1_5_xlconcat is either unconnected or has no load
WARNING: [Synth 8-7129] Port In90[0] in module xlconcat_v2_1_5_xlconcat is either unconnected or has no load
WARNING: [Synth 8-7129] Port In91[0] in module xlconcat_v2_1_5_xlconcat is either unconnected or has no load
WARNING: [Synth 8-7129] Port In92[0] in module xlconcat_v2_1_5_xlconcat is either unconnected or has no load
WARNING: [Synth 8-7129] Port In93[0] in module xlconcat_v2_1_5_xlconcat is either unconnected or has no load
WARNING: [Synth 8-7129] Port In94[0] in module xlconcat_v2_1_5_xlconcat is either unconnected or has no load
WARNING: [Synth 8-7129] Port In95[0] in module xlconcat_v2_1_5_xlconcat is either unconnected or has no load
WARNING: [Synth 8-7129] Port In96[0] in module xlconcat_v2_1_5_xlconcat is either unconnected or has no load
WARNING: [Synth 8-7129] Port In97[0] in module xlconcat_v2_1_5_xlconcat is either unconnected or has no load
WARNING: [Synth 8-7129] Port In98[0] in module xlconcat_v2_1_5_xlconcat is either unconnected or has no load
WARNING: [Synth 8-7129] Port In99[0] in module xlconcat_v2_1_5_xlconcat is either unconnected or has no load
WARNING: [Synth 8-7129] Port In100[0] in module xlconcat_v2_1_5_xlconcat is either unconnected or has no load
WARNING: [Synth 8-7129] Port In101[0] in module xlconcat_v2_1_5_xlconcat is either unconnected or has no load
INFO: [Common 17-14] Message 'Synth 8-7129' appears 100 times and further instances of the messages will be disabled. Use the Tcl command set_msg_config to change the current settings.
---------------------------------------------------------------------------------
Finished RTL Elaboration : Time (s): cpu = 00:00:05 ; elapsed = 00:00:05 . Memory (MB): peak = 2702.141 ; gain = 369.832 ; free physical = 12210 ; free virtual = 26105
---------------------------------------------------------------------------------
---------------------------------------------------------------------------------
Start Handling Custom Attributes
---------------------------------------------------------------------------------
---------------------------------------------------------------------------------
Finished Handling Custom Attributes : Time (s): cpu = 00:00:05 ; elapsed = 00:00:05 . Memory (MB): peak = 2702.141 ; gain = 369.832 ; free physical = 12210 ; free virtual = 26105
---------------------------------------------------------------------------------
---------------------------------------------------------------------------------
Finished RTL Optimization Phase 1 : Time (s): cpu = 00:00:05 ; elapsed = 00:00:05 . Memory (MB): peak = 2702.141 ; gain = 369.832 ; free physical = 12210 ; free virtual = 26105
---------------------------------------------------------------------------------
Netlist sorting complete. Time (s): cpu = 00:00:00.02 ; elapsed = 00:00:00.02 . Memory (MB): peak = 2702.141 ; gain = 0.000 ; free physical = 12210 ; free virtual = 26105
INFO: [Project 1-570] Preparing netlist for logic optimization

Processing XDC Constraints
Initializing timing engine
Parsing XDC File [/home/jgaitan/Documents/proyecto_1_borrador/project_1/project_1.gen/sources_1/bd/design_1/ip/design_1_zynq_ultra_ps_e_0_0/design_1_zynq_ultra_ps_e_0_0/design_1_zynq_ultra_ps_e_0_0_in_context.xdc] for cell 'design_1_i/zynq_ultra_ps_e_0'
Finished Parsing XDC File [/home/jgaitan/Documents/proyecto_1_borrador/project_1/project_1.gen/sources_1/bd/design_1/ip/design_1_zynq_ultra_ps_e_0_0/design_1_zynq_ultra_ps_e_0_0/design_1_zynq_ultra_ps_e_0_0_in_context.xdc] for cell 'design_1_i/zynq_ultra_ps_e_0'
Parsing XDC File [/home/jgaitan/Documents/proyecto_1_borrador/project_1/project_1.gen/sources_1/bd/design_1/ip/design_1_axi_gpio_0_0/design_1_axi_gpio_0_0/design_1_axi_gpio_0_0_in_context.xdc] for cell 'design_1_i/axi_gpio_0'
Finished Parsing XDC File [/home/jgaitan/Documents/proyecto_1_borrador/project_1/project_1.gen/sources_1/bd/design_1/ip/design_1_axi_gpio_0_0/design_1_axi_gpio_0_0/design_1_axi_gpio_0_0_in_context.xdc] for cell 'design_1_i/axi_gpio_0'
Parsing XDC File [/home/jgaitan/Documents/proyecto_1_borrador/project_1/project_1.gen/sources_1/bd/design_1/ip/design_1_xbar_0/design_1_xbar_0/design_1_xbar_0_in_context.xdc] for cell 'design_1_i/ps8_0_axi_periph/xbar'
Finished Parsing XDC File [/home/jgaitan/Documents/proyecto_1_borrador/project_1/project_1.gen/sources_1/bd/design_1/ip/design_1_xbar_0/design_1_xbar_0/design_1_xbar_0_in_context.xdc] for cell 'design_1_i/ps8_0_axi_periph/xbar'
Parsing XDC File [/home/jgaitan/Documents/proyecto_1_borrador/project_1/project_1.gen/sources_1/bd/design_1/ip/design_1_auto_ds_0/design_1_auto_ds_0/design_1_auto_ds_0_in_context.xdc] for cell 'design_1_i/ps8_0_axi_periph/s00_couplers/auto_ds'
Finished Parsing XDC File [/home/jgaitan/Documents/proyecto_1_borrador/project_1/project_1.gen/sources_1/bd/design_1/ip/design_1_auto_ds_0/design_1_auto_ds_0/design_1_auto_ds_0_in_context.xdc] for cell 'design_1_i/ps8_0_axi_periph/s00_couplers/auto_ds'
Parsing XDC File [/home/jgaitan/Documents/proyecto_1_borrador/project_1/project_1.gen/sources_1/bd/design_1/ip/design_1_auto_pc_0/design_1_auto_pc_0/design_1_auto_pc_0_in_context.xdc] for cell 'design_1_i/ps8_0_axi_periph/s00_couplers/auto_pc'
Finished Parsing XDC File [/home/jgaitan/Documents/proyecto_1_borrador/project_1/project_1.gen/sources_1/bd/design_1/ip/design_1_auto_pc_0/design_1_auto_pc_0/design_1_auto_pc_0_in_context.xdc] for cell 'design_1_i/ps8_0_axi_periph/s00_couplers/auto_pc'
Parsing XDC File [/home/jgaitan/Documents/proyecto_1_borrador/project_1/project_1.gen/sources_1/bd/design_1/ip/design_1_auto_ds_1/design_1_auto_ds_1/design_1_auto_ds_0_in_context.xdc] for cell 'design_1_i/ps8_0_axi_periph/s01_couplers/auto_ds'
Finished Parsing XDC File [/home/jgaitan/Documents/proyecto_1_borrador/project_1/project_1.gen/sources_1/bd/design_1/ip/design_1_auto_ds_1/design_1_auto_ds_1/design_1_auto_ds_0_in_context.xdc] for cell 'design_1_i/ps8_0_axi_periph/s01_couplers/auto_ds'
Parsing XDC File [/home/jgaitan/Documents/proyecto_1_borrador/project_1/project_1.gen/sources_1/bd/design_1/ip/design_1_auto_pc_1/design_1_auto_pc_1/design_1_auto_pc_0_in_context.xdc] for cell 'design_1_i/ps8_0_axi_periph/s01_couplers/auto_pc'
Finished Parsing XDC File [/home/jgaitan/Documents/proyecto_1_borrador/project_1/project_1.gen/sources_1/bd/design_1/ip/design_1_auto_pc_1/design_1_auto_pc_1/design_1_auto_pc_0_in_context.xdc] for cell 'design_1_i/ps8_0_axi_periph/s01_couplers/auto_pc'
Parsing XDC File [/home/jgaitan/Documents/proyecto_1_borrador/project_1/project_1.gen/sources_1/bd/design_1/ip/design_1_rst_ps8_0_99M_0/design_1_rst_ps8_0_99M_0/design_1_rst_ps8_0_99M_0_in_context.xdc] for cell 'design_1_i/rst_ps8_0_99M'
Finished Parsing XDC File [/home/jgaitan/Documents/proyecto_1_borrador/project_1/project_1.gen/sources_1/bd/design_1/ip/design_1_rst_ps8_0_99M_0/design_1_rst_ps8_0_99M_0/design_1_rst_ps8_0_99M_0_in_context.xdc] for cell 'design_1_i/rst_ps8_0_99M'
Parsing XDC File [/home/jgaitan/Documents/proyecto_1_borrador/project_1/project_1.gen/sources_1/bd/design_1/ip/design_1_single_cycle_multipl_0_1/design_1_single_cycle_multipl_0_1/design_1_single_cycle_multipl_0_1_in_context.xdc] for cell 'design_1_i/single_cycle_multipl_0'
Finished Parsing XDC File [/home/jgaitan/Documents/proyecto_1_borrador/project_1/project_1.gen/sources_1/bd/design_1/ip/design_1_single_cycle_multipl_0_1/design_1_single_cycle_multipl_0_1/design_1_single_cycle_multipl_0_1_in_context.xdc] for cell 'design_1_i/single_cycle_multipl_0'
Parsing XDC File [/home/jgaitan/Documents/proyecto_1_borrador/project_1/project_1.gen/sources_1/bd/design_1/ip/design_1_axi_gpio_1_0/design_1_axi_gpio_1_0/design_1_axi_gpio_0_0_in_context.xdc] for cell 'design_1_i/axi_gpio_1'
Finished Parsing XDC File [/home/jgaitan/Documents/proyecto_1_borrador/project_1/project_1.gen/sources_1/bd/design_1/ip/design_1_axi_gpio_1_0/design_1_axi_gpio_1_0/design_1_axi_gpio_0_0_in_context.xdc] for cell 'design_1_i/axi_gpio_1'
Parsing XDC File [/home/jgaitan/Documents/proyecto_1_borrador/project_1/project_1.gen/sources_1/bd/design_1/ip/design_1_spliter_128to32_0_1/design_1_spliter_128to32_0_1/design_1_spliter_128to32_0_1_in_context.xdc] for cell 'design_1_i/spliter_128to32_0'
Finished Parsing XDC File [/home/jgaitan/Documents/proyecto_1_borrador/project_1/project_1.gen/sources_1/bd/design_1/ip/design_1_spliter_128to32_0_1/design_1_spliter_128to32_0_1/design_1_spliter_128to32_0_1_in_context.xdc] for cell 'design_1_i/spliter_128to32_0'
Parsing XDC File [/home/jgaitan/Documents/proyecto_1_borrador/project_1/project_1.runs/synth_1/dont_touch.xdc]
Finished Parsing XDC File [/home/jgaitan/Documents/proyecto_1_borrador/project_1/project_1.runs/synth_1/dont_touch.xdc]
Completed Processing XDC Constraints

Netlist sorting complete. Time (s): cpu = 00:00:00 ; elapsed = 00:00:00 . Memory (MB): peak = 2779.742 ; gain = 0.000 ; free physical = 12202 ; free virtual = 26096
INFO: [Project 1-111] Unisim Transformation Summary:
No Unisim elements were transformed.

Constraint Validation Runtime : Time (s): cpu = 00:00:00 ; elapsed = 00:00:00.01 . Memory (MB): peak = 2779.777 ; gain = 0.000 ; free physical = 12202 ; free virtual = 26096
WARNING: [Timing 38-316] Clock period '10.000' specified during out-of-context synthesis of instance 'design_1_i/axi_gpio_0' at clock pin 's_axi_aclk' is different from the actual clock period '3.333', this can lead to different synthesis results.
WARNING: [Timing 38-316] Clock period '10.000' specified during out-of-context synthesis of instance 'design_1_i/axi_gpio_1' at clock pin 's_axi_aclk' is different from the actual clock period '3.333', this can lead to different synthesis results.
---------------------------------------------------------------------------------
Finished Constraint Validation : Time (s): cpu = 00:00:13 ; elapsed = 00:00:14 . Memory (MB): peak = 2779.777 ; gain = 447.469 ; free physical = 12203 ; free virtual = 26097
---------------------------------------------------------------------------------
---------------------------------------------------------------------------------
Start Loading Part and Timing Information
---------------------------------------------------------------------------------
Loading part: xck26-sfvc784-2LV-c
INFO: [Synth 8-6742] Reading net delay rules and data
---------------------------------------------------------------------------------
Finished Loading Part and Timing Information : Time (s): cpu = 00:00:13 ; elapsed = 00:00:14 . Memory (MB): peak = 2779.777 ; gain = 447.469 ; free physical = 12201 ; free virtual = 26095
---------------------------------------------------------------------------------
---------------------------------------------------------------------------------
Start Applying 'set_property' XDC Constraints
---------------------------------------------------------------------------------
Applied set_property KEEP_HIERARCHY = SOFT for design_1_i. (constraint file  auto generated constraint).
Applied set_property KEEP_HIERARCHY = SOFT for design_1_i/zynq_ultra_ps_e_0. (constraint file  auto generated constraint).
Applied set_property KEEP_HIERARCHY = SOFT for design_1_i/axi_gpio_0. (constraint file  auto generated constraint).
Applied set_property KEEP_HIERARCHY = SOFT for design_1_i/ps8_0_axi_periph/xbar. (constraint file  auto generated constraint).
Applied set_property KEEP_HIERARCHY = SOFT for design_1_i/ps8_0_axi_periph/s00_couplers/auto_ds. (constraint file  auto generated constraint).
Applied set_property KEEP_HIERARCHY = SOFT for design_1_i/ps8_0_axi_periph/s00_couplers/auto_pc. (constraint file  auto generated constraint).
Applied set_property KEEP_HIERARCHY = SOFT for design_1_i/ps8_0_axi_periph/s01_couplers/auto_ds. (constraint file  auto generated constraint).
Applied set_property KEEP_HIERARCHY = SOFT for design_1_i/ps8_0_axi_periph/s01_couplers/auto_pc. (constraint file  auto generated constraint).
Applied set_property KEEP_HIERARCHY = SOFT for design_1_i/ps8_0_axi_periph. (constraint file  auto generated constraint).
Applied set_property KEEP_HIERARCHY = SOFT for design_1_i/rst_ps8_0_99M. (constraint file  auto generated constraint).
Applied set_property KEEP_HIERARCHY = SOFT for design_1_i/single_cycle_multipl_0. (constraint file  auto generated constraint).
Applied set_property KEEP_HIERARCHY = SOFT for design_1_i/axi_gpio_1. (constraint file  auto generated constraint).
Applied set_property KEEP_HIERARCHY = SOFT for design_1_i/spliter_128to32_0. (constraint file  auto generated constraint).
Applied set_property KEEP_HIERARCHY = SOFT for design_1_i/xlconcat_0. (constraint file  auto generated constraint).
Applied set_property KEEP_HIERARCHY = SOFT for design_1_i/xlconcat_1. (constraint file  auto generated constraint).
---------------------------------------------------------------------------------
Finished applying 'set_property' XDC Constraints : Time (s): cpu = 00:00:13 ; elapsed = 00:00:14 . Memory (MB): peak = 2779.777 ; gain = 447.469 ; free physical = 12214 ; free virtual = 26108
---------------------------------------------------------------------------------
---------------------------------------------------------------------------------
Finished RTL Optimization Phase 2 : Time (s): cpu = 00:00:14 ; elapsed = 00:00:14 . Memory (MB): peak = 2779.777 ; gain = 447.469 ; free physical = 12213 ; free virtual = 26108
---------------------------------------------------------------------------------
---------------------------------------------------------------------------------
Start RTL Component Statistics 
---------------------------------------------------------------------------------
Detailed RTL Component Info : 
---------------------------------------------------------------------------------
Finished RTL Component Statistics 
---------------------------------------------------------------------------------
---------------------------------------------------------------------------------
Start Part Resource Summary
---------------------------------------------------------------------------------
Part Resources:
DSPs: 1248 (col length:96)
BRAMs: 288 (col length: RAMB18 96 RAMB36 48)
---------------------------------------------------------------------------------
Finished Part Resource Summary
---------------------------------------------------------------------------------
---------------------------------------------------------------------------------
Start Cross Boundary and Area Optimization
---------------------------------------------------------------------------------
WARNING: [Synth 8-7080] Parallel synthesis criteria is not met
---------------------------------------------------------------------------------
Finished Cross Boundary and Area Optimization : Time (s): cpu = 00:00:15 ; elapsed = 00:00:15 . Memory (MB): peak = 2779.777 ; gain = 447.469 ; free physical = 12209 ; free virtual = 26108
---------------------------------------------------------------------------------
---------------------------------------------------------------------------------
Start Applying XDC Timing Constraints
---------------------------------------------------------------------------------
---------------------------------------------------------------------------------
Finished Applying XDC Timing Constraints : Time (s): cpu = 00:00:21 ; elapsed = 00:00:21 . Memory (MB): peak = 3262.383 ; gain = 930.074 ; free physical = 11770 ; free virtual = 25670
---------------------------------------------------------------------------------
---------------------------------------------------------------------------------
Start Timing Optimization
---------------------------------------------------------------------------------
---------------------------------------------------------------------------------
Finished Timing Optimization : Time (s): cpu = 00:00:21 ; elapsed = 00:00:21 . Memory (MB): peak = 3262.383 ; gain = 930.074 ; free physical = 11770 ; free virtual = 25670
---------------------------------------------------------------------------------
---------------------------------------------------------------------------------
Start Technology Mapping
---------------------------------------------------------------------------------
---------------------------------------------------------------------------------
Finished Technology Mapping : Time (s): cpu = 00:00:21 ; elapsed = 00:00:21 . Memory (MB): peak = 3273.391 ; gain = 941.082 ; free physical = 11760 ; free virtual = 25660
---------------------------------------------------------------------------------
---------------------------------------------------------------------------------
Start IO Insertion
---------------------------------------------------------------------------------
---------------------------------------------------------------------------------
Start Flattening Before IO Insertion
---------------------------------------------------------------------------------
---------------------------------------------------------------------------------
Finished Flattening Before IO Insertion
---------------------------------------------------------------------------------
---------------------------------------------------------------------------------
Start Final Netlist Cleanup
---------------------------------------------------------------------------------
---------------------------------------------------------------------------------
Finished Final Netlist Cleanup
---------------------------------------------------------------------------------
---------------------------------------------------------------------------------
Finished IO Insertion : Time (s): cpu = 00:00:24 ; elapsed = 00:00:25 . Memory (MB): peak = 3288.266 ; gain = 955.957 ; free physical = 11748 ; free virtual = 25648
---------------------------------------------------------------------------------
---------------------------------------------------------------------------------
Start Renaming Generated Instances
---------------------------------------------------------------------------------
---------------------------------------------------------------------------------
Finished Renaming Generated Instances : Time (s): cpu = 00:00:24 ; elapsed = 00:00:25 . Memory (MB): peak = 3288.266 ; gain = 955.957 ; free physical = 11748 ; free virtual = 25648
---------------------------------------------------------------------------------
---------------------------------------------------------------------------------
Start Rebuilding User Hierarchy
---------------------------------------------------------------------------------
---------------------------------------------------------------------------------
Finished Rebuilding User Hierarchy : Time (s): cpu = 00:00:24 ; elapsed = 00:00:25 . Memory (MB): peak = 3288.266 ; gain = 955.957 ; free physical = 11748 ; free virtual = 25647
---------------------------------------------------------------------------------
---------------------------------------------------------------------------------
Start Renaming Generated Ports
---------------------------------------------------------------------------------
---------------------------------------------------------------------------------
Finished Renaming Generated Ports : Time (s): cpu = 00:00:24 ; elapsed = 00:00:25 . Memory (MB): peak = 3288.266 ; gain = 955.957 ; free physical = 11748 ; free virtual = 25647
---------------------------------------------------------------------------------
---------------------------------------------------------------------------------
Start Handling Custom Attributes
---------------------------------------------------------------------------------
---------------------------------------------------------------------------------
Finished Handling Custom Attributes : Time (s): cpu = 00:00:24 ; elapsed = 00:00:25 . Memory (MB): peak = 3288.266 ; gain = 955.957 ; free physical = 11748 ; free virtual = 25647
---------------------------------------------------------------------------------
---------------------------------------------------------------------------------
Start Renaming Generated Nets
---------------------------------------------------------------------------------
---------------------------------------------------------------------------------
Finished Renaming Generated Nets : Time (s): cpu = 00:00:24 ; elapsed = 00:00:25 . Memory (MB): peak = 3288.266 ; gain = 955.957 ; free physical = 11748 ; free virtual = 25648
---------------------------------------------------------------------------------
---------------------------------------------------------------------------------
Start Writing Synthesis Report
---------------------------------------------------------------------------------

Report BlackBoxes: 
+------+----------------------------------+----------+
|      |BlackBox name                     |Instances |
+------+----------------------------------+----------+
|1     |design_1_xbar_0                   |         1|
|2     |design_1_auto_ds_0                |         1|
|3     |design_1_auto_pc_0                |         1|
|4     |design_1_auto_ds_1                |         1|
|5     |design_1_auto_pc_1                |         1|
|6     |design_1_axi_gpio_0_0             |         1|
|7     |design_1_axi_gpio_1_0             |         1|
|8     |design_1_rst_ps8_0_99M_0          |         1|
|9     |design_1_single_cycle_multipl_0_1 |         1|
|10    |design_1_spliter_128to32_0_1      |         1|
|11    |design_1_zynq_ultra_ps_e_0_0      |         1|
+------+----------------------------------+----------+

Report Cell Usage: 
+------+--------------------------------+------+
|      |Cell                            |Count |
+------+--------------------------------+------+
|1     |design_1_auto_ds                |     2|
|3     |design_1_auto_pc                |     2|
|5     |design_1_axi_gpio_0             |     1|
|6     |design_1_axi_gpio_1             |     1|
|7     |design_1_rst_ps8_0_99M          |     1|
|8     |design_1_single_cycle_multipl_0 |     1|
|9     |design_1_spliter_128to32_0      |     1|
|10    |design_1_xbar                   |     1|
|11    |design_1_zynq_ultra_ps_e_0      |     1|
+------+--------------------------------+------+
---------------------------------------------------------------------------------
Finished Writing Synthesis Report : Time (s): cpu = 00:00:24 ; elapsed = 00:00:25 . Memory (MB): peak = 3288.266 ; gain = 955.957 ; free physical = 11747 ; free virtual = 25647
---------------------------------------------------------------------------------
Synthesis finished with 0 errors, 0 critical warnings and 9 warnings.
Synthesis Optimization Runtime : Time (s): cpu = 00:00:19 ; elapsed = 00:00:20 . Memory (MB): peak = 3288.266 ; gain = 878.320 ; free physical = 11747 ; free virtual = 25647
Synthesis Optimization Complete : Time (s): cpu = 00:00:24 ; elapsed = 00:00:25 . Memory (MB): peak = 3288.273 ; gain = 955.957 ; free physical = 11747 ; free virtual = 25647
INFO: [Project 1-571] Translating synthesized netlist
Netlist sorting complete. Time (s): cpu = 00:00:00.02 ; elapsed = 00:00:00.01 . Memory (MB): peak = 3288.273 ; gain = 0.000 ; free physical = 11747 ; free virtual = 25647
INFO: [Project 1-570] Preparing netlist for logic optimization
INFO: [Opt 31-138] Pushed 0 inverter(s) to 0 load pin(s).
Netlist sorting complete. Time (s): cpu = 00:00:00 ; elapsed = 00:00:00.01 . Memory (MB): peak = 3325.922 ; gain = 0.000 ; free physical = 11997 ; free virtual = 25897
INFO: [Project 1-111] Unisim Transformation Summary:
No Unisim elements were transformed.

Synth Design complete | Checksum: 2c0ec9cc
INFO: [Common 17-83] Releasing license: Synthesis
59 Infos, 122 Warnings, 0 Critical Warnings and 0 Errors encountered.
synth_design completed successfully
synth_design: Time (s): cpu = 00:00:31 ; elapsed = 00:00:29 . Memory (MB): peak = 3331.895 ; gain = 1939.789 ; free physical = 11987 ; free virtual = 25887
INFO: [Common 17-2834] synth_design peak Physical Memory [PSS] (MB): overall = 2672.932; main = 2562.870; forked = 384.268
INFO: [Common 17-2834] synth_design peak Virtual Memory [VSS] (MB): overall = 4091.168; main = 3331.863; forked = 981.438
INFO: [Common 17-1381] The checkpoint '/home/jgaitan/Documents/proyecto_1_borrador/project_1/project_1.runs/synth_1/design_1_wrapper.dcp' has been generated.
INFO: [runtcl-4] Executing : report_utilization -file design_1_wrapper_utilization_synth.rpt -pb design_1_wrapper_utilization_synth.pb
INFO: [Common 17-206] Exiting Vivado at Wed Feb 11 23:50:14 2026...
