
*** Running vivado
    with args -log design_1_booth_0_0.vds -m64 -product Vivado -mode batch -messageDb vivado.pb -notrace -source design_1_booth_0_0.tcl


****** Vivado v2023.2 (64-bit)
  **** SW Build 4029153 on Fri Oct 13 20:13:54 MDT 2023
  **** IP Build 4028589 on Sat Oct 14 00:45:43 MDT 2023
  **** SharedData Build 4025554 on Tue Oct 10 17:18:54 MDT 2023
    ** Copyright 1986-2022 Xilinx, Inc. All Rights Reserved.
    ** Copyright 2022-2023 Advanced Micro Devices, Inc. All Rights Reserved.

source design_1_booth_0_0.tcl -notrace
create_project: Time (s): cpu = 00:00:07 ; elapsed = 00:00:07 . Memory (MB): peak = 1319.477 ; gain = 0.023 ; free physical = 2049 ; free virtual = 8010
INFO: [IP_Flow 19-234] Refreshing IP repositories
INFO: [IP_Flow 19-1704] No user IP repositories specified
INFO: [IP_Flow 19-2313] Loaded Vivado IP repository '/opt/Xilinx/Vivado/2023.2/data/ip'.
INFO: [IP_Flow 19-6924] IPCACHE: Running cache check for IP inst: design_1_booth_0_0
Command: synth_design -top design_1_booth_0_0 -part xck26-sfvc784-2LV-c -incremental_mode off -mode out_of_context
Starting synth_design
Attempting to get a license for feature 'Synthesis' and/or device 'xck26'
INFO: [Common 17-349] Got license for feature 'Synthesis' and/or device 'xck26'
INFO: [Device 21-403] Loading part xck26-sfvc784-2LV-c
WARNING: [Device 21-9] Clock region file  is not available
INFO: [Synth 8-7079] Multithreading enabled for synth_design using a maximum of 4 processes.
INFO: [Synth 8-7078] Launching helper process for spawning children vivado processes
INFO: [Synth 8-7075] Helper process launched with PID 23239
---------------------------------------------------------------------------------
Starting RTL Elaboration : Time (s): cpu = 00:00:04 ; elapsed = 00:00:04 . Memory (MB): peak = 2523.348 ; gain = 291.777 ; free physical = 581 ; free virtual = 6542
---------------------------------------------------------------------------------
INFO: [Synth 8-6157] synthesizing module 'design_1_booth_0_0' [/home/paulo/Desktop/MIE/FPGA/proyecto_corto_1/Booth_Multiplier/Booth_Multiplier.gen/sources_1/bd/design_1/ip/design_1_booth_0_0/synth/design_1_booth_0_0.v:53]
INFO: [Synth 8-6157] synthesizing module 'booth' [/home/paulo/Desktop/MIE/FPGA/proyecto_corto_1/booth_mul/booth_mul.srcs/sources_1/new/booth.v:23]
INFO: [Synth 8-6155] done synthesizing module 'booth' (0#1) [/home/paulo/Desktop/MIE/FPGA/proyecto_corto_1/booth_mul/booth_mul.srcs/sources_1/new/booth.v:23]
INFO: [Synth 8-6155] done synthesizing module 'design_1_booth_0_0' (0#1) [/home/paulo/Desktop/MIE/FPGA/proyecto_corto_1/Booth_Multiplier/Booth_Multiplier.gen/sources_1/bd/design_1/ip/design_1_booth_0_0/synth/design_1_booth_0_0.v:53]
WARNING: [Synth 8-6014] Unused sequential element A2_reg was removed.  [/home/paulo/Desktop/MIE/FPGA/proyecto_corto_1/booth_mul/booth_mul.srcs/sources_1/new/booth.v:47]
---------------------------------------------------------------------------------
Finished RTL Elaboration : Time (s): cpu = 00:00:05 ; elapsed = 00:00:05 . Memory (MB): peak = 2601.285 ; gain = 369.715 ; free physical = 481 ; free virtual = 6442
---------------------------------------------------------------------------------
---------------------------------------------------------------------------------
Start Handling Custom Attributes
---------------------------------------------------------------------------------
---------------------------------------------------------------------------------
Finished Handling Custom Attributes : Time (s): cpu = 00:00:05 ; elapsed = 00:00:05 . Memory (MB): peak = 2604.254 ; gain = 372.684 ; free physical = 481 ; free virtual = 6442
---------------------------------------------------------------------------------
---------------------------------------------------------------------------------
Finished RTL Optimization Phase 1 : Time (s): cpu = 00:00:05 ; elapsed = 00:00:05 . Memory (MB): peak = 2604.254 ; gain = 372.684 ; free physical = 481 ; free virtual = 6442
---------------------------------------------------------------------------------
Netlist sorting complete. Time (s): cpu = 00:00:00.01 ; elapsed = 00:00:00.01 . Memory (MB): peak = 2604.254 ; gain = 0.000 ; free physical = 481 ; free virtual = 6442
INFO: [Project 1-570] Preparing netlist for logic optimization

Processing XDC Constraints
Initializing timing engine
Completed Processing XDC Constraints

Netlist sorting complete. Time (s): cpu = 00:00:00 ; elapsed = 00:00:00 . Memory (MB): peak = 2712.918 ; gain = 0.000 ; free physical = 481 ; free virtual = 6442
INFO: [Project 1-111] Unisim Transformation Summary:
No Unisim elements were transformed.

Constraint Validation Runtime : Time (s): cpu = 00:00:00.02 ; elapsed = 00:00:00.01 . Memory (MB): peak = 2735.730 ; gain = 22.777 ; free physical = 480 ; free virtual = 6441
INFO: [Designutils 20-5008] Incremental synthesis strategy off
---------------------------------------------------------------------------------
Finished Constraint Validation : Time (s): cpu = 00:00:09 ; elapsed = 00:00:10 . Memory (MB): peak = 2735.730 ; gain = 504.160 ; free physical = 490 ; free virtual = 6451
---------------------------------------------------------------------------------
---------------------------------------------------------------------------------
Start Loading Part and Timing Information
---------------------------------------------------------------------------------
Loading part: xck26-sfvc784-2LV-c
INFO: [Synth 8-6742] Reading net delay rules and data
---------------------------------------------------------------------------------
Finished Loading Part and Timing Information : Time (s): cpu = 00:00:10 ; elapsed = 00:00:10 . Memory (MB): peak = 2735.730 ; gain = 504.160 ; free physical = 490 ; free virtual = 6451
---------------------------------------------------------------------------------
---------------------------------------------------------------------------------
Start Applying 'set_property' XDC Constraints
---------------------------------------------------------------------------------
---------------------------------------------------------------------------------
Finished applying 'set_property' XDC Constraints : Time (s): cpu = 00:00:10 ; elapsed = 00:00:10 . Memory (MB): peak = 2735.730 ; gain = 504.160 ; free physical = 490 ; free virtual = 6451
---------------------------------------------------------------------------------
---------------------------------------------------------------------------------
Finished RTL Optimization Phase 2 : Time (s): cpu = 00:00:10 ; elapsed = 00:00:10 . Memory (MB): peak = 2735.730 ; gain = 504.160 ; free physical = 490 ; free virtual = 6452
---------------------------------------------------------------------------------
---------------------------------------------------------------------------------
Start RTL Component Statistics 
---------------------------------------------------------------------------------
Detailed RTL Component Info : 
+---Adders : 
	   3 Input   64 Bit       Adders := 1     
	   2 Input    7 Bit       Adders := 1     
+---Registers : 
	              128 Bit    Registers := 1     
	               64 Bit    Registers := 3     
	                7 Bit    Registers := 1     
	                1 Bit    Registers := 1     
+---Muxes : 
	   3 Input   64 Bit        Muxes := 2     
	   2 Input    1 Bit        Muxes := 4     
---------------------------------------------------------------------------------
Finished RTL Component Statistics 
---------------------------------------------------------------------------------
---------------------------------------------------------------------------------
Start Part Resource Summary
---------------------------------------------------------------------------------
Part Resources:
DSPs: 1248 (col length:96)
BRAMs: 288 (col length: RAMB18 96 RAMB36 48)
---------------------------------------------------------------------------------
Finished Part Resource Summary
---------------------------------------------------------------------------------
---------------------------------------------------------------------------------
Start Cross Boundary and Area Optimization
---------------------------------------------------------------------------------
WARNING: [Synth 8-7080] Parallel synthesis criteria is not met
---------------------------------------------------------------------------------
Finished Cross Boundary and Area Optimization : Time (s): cpu = 00:00:11 ; elapsed = 00:00:12 . Memory (MB): peak = 2735.730 ; gain = 504.160 ; free physical = 492 ; free virtual = 6454
---------------------------------------------------------------------------------
---------------------------------------------------------------------------------
Start Applying XDC Timing Constraints
---------------------------------------------------------------------------------
---------------------------------------------------------------------------------
Finished Applying XDC Timing Constraints : Time (s): cpu = 00:00:11 ; elapsed = 00:00:12 . Memory (MB): peak = 2735.730 ; gain = 504.160 ; free physical = 492 ; free virtual = 6454
---------------------------------------------------------------------------------
---------------------------------------------------------------------------------
Start Timing Optimization
---------------------------------------------------------------------------------
---------------------------------------------------------------------------------
Finished Timing Optimization : Time (s): cpu = 00:00:11 ; elapsed = 00:00:12 . Memory (MB): peak = 2735.730 ; gain = 504.160 ; free physical = 492 ; free virtual = 6454
---------------------------------------------------------------------------------
---------------------------------------------------------------------------------
Start Technology Mapping
---------------------------------------------------------------------------------
---------------------------------------------------------------------------------
Finished Technology Mapping : Time (s): cpu = 00:00:11 ; elapsed = 00:00:12 . Memory (MB): peak = 2735.730 ; gain = 504.160 ; free physical = 492 ; free virtual = 6454
---------------------------------------------------------------------------------
---------------------------------------------------------------------------------
Start IO Insertion
---------------------------------------------------------------------------------
---------------------------------------------------------------------------------
Start Flattening Before IO Insertion
---------------------------------------------------------------------------------
---------------------------------------------------------------------------------
Finished Flattening Before IO Insertion
---------------------------------------------------------------------------------
---------------------------------------------------------------------------------
Start Final Netlist Cleanup
---------------------------------------------------------------------------------
---------------------------------------------------------------------------------
Finished Final Netlist Cleanup
---------------------------------------------------------------------------------
---------------------------------------------------------------------------------
Finished IO Insertion : Time (s): cpu = 00:00:15 ; elapsed = 00:00:15 . Memory (MB): peak = 2735.730 ; gain = 504.160 ; free physical = 501 ; free virtual = 6463
---------------------------------------------------------------------------------
---------------------------------------------------------------------------------
Start Renaming Generated Instances
---------------------------------------------------------------------------------
---------------------------------------------------------------------------------
Finished Renaming Generated Instances : Time (s): cpu = 00:00:15 ; elapsed = 00:00:15 . Memory (MB): peak = 2735.730 ; gain = 504.160 ; free physical = 501 ; free virtual = 6463
---------------------------------------------------------------------------------
---------------------------------------------------------------------------------
Start Rebuilding User Hierarchy
---------------------------------------------------------------------------------
---------------------------------------------------------------------------------
Finished Rebuilding User Hierarchy : Time (s): cpu = 00:00:15 ; elapsed = 00:00:15 . Memory (MB): peak = 2735.730 ; gain = 504.160 ; free physical = 501 ; free virtual = 6463
---------------------------------------------------------------------------------
---------------------------------------------------------------------------------
Start Renaming Generated Ports
---------------------------------------------------------------------------------
---------------------------------------------------------------------------------
Finished Renaming Generated Ports : Time (s): cpu = 00:00:15 ; elapsed = 00:00:15 . Memory (MB): peak = 2735.730 ; gain = 504.160 ; free physical = 501 ; free virtual = 6463
---------------------------------------------------------------------------------
---------------------------------------------------------------------------------
Start Handling Custom Attributes
---------------------------------------------------------------------------------
---------------------------------------------------------------------------------
Finished Handling Custom Attributes : Time (s): cpu = 00:00:15 ; elapsed = 00:00:16 . Memory (MB): peak = 2735.730 ; gain = 504.160 ; free physical = 501 ; free virtual = 6463
---------------------------------------------------------------------------------
---------------------------------------------------------------------------------
Start Renaming Generated Nets
---------------------------------------------------------------------------------
---------------------------------------------------------------------------------
Finished Renaming Generated Nets : Time (s): cpu = 00:00:15 ; elapsed = 00:00:16 . Memory (MB): peak = 2735.730 ; gain = 504.160 ; free physical = 501 ; free virtual = 6463
---------------------------------------------------------------------------------
---------------------------------------------------------------------------------
Start Writing Synthesis Report
---------------------------------------------------------------------------------

Report BlackBoxes: 
+-+--------------+----------+
| |BlackBox name |Instances |
+-+--------------+----------+
+-+--------------+----------+

Report Cell Usage: 
+------+-------+------+
|      |Cell   |Count |
+------+-------+------+
|1     |CARRY8 |     8|
|2     |LUT1   |     3|
|3     |LUT2   |     5|
|4     |LUT3   |   127|
|5     |LUT4   |    65|
|6     |LUT5   |     1|
|7     |LUT6   |     4|
|8     |FDRE   |   326|
|9     |FDSE   |     1|
+------+-------+------+
---------------------------------------------------------------------------------
Finished Writing Synthesis Report : Time (s): cpu = 00:00:15 ; elapsed = 00:00:16 . Memory (MB): peak = 2735.730 ; gain = 504.160 ; free physical = 501 ; free virtual = 6463
---------------------------------------------------------------------------------
Synthesis finished with 0 errors, 0 critical warnings and 1 warnings.
Synthesis Optimization Runtime : Time (s): cpu = 00:00:15 ; elapsed = 00:00:15 . Memory (MB): peak = 2735.730 ; gain = 372.684 ; free physical = 501 ; free virtual = 6463
Synthesis Optimization Complete : Time (s): cpu = 00:00:15 ; elapsed = 00:00:16 . Memory (MB): peak = 2735.730 ; gain = 504.160 ; free physical = 501 ; free virtual = 6463
INFO: [Project 1-571] Translating synthesized netlist
Netlist sorting complete. Time (s): cpu = 00:00:00.01 ; elapsed = 00:00:00.01 . Memory (MB): peak = 2735.730 ; gain = 0.000 ; free physical = 733 ; free virtual = 6695
INFO: [Netlist 29-17] Analyzing 8 Unisim elements for replacement
INFO: [Netlist 29-28] Unisim Transformation completed in 2 CPU seconds
INFO: [Project 1-570] Preparing netlist for logic optimization
INFO: [Opt 31-138] Pushed 0 inverter(s) to 0 load pin(s).
Netlist sorting complete. Time (s): cpu = 00:00:00 ; elapsed = 00:00:00 . Memory (MB): peak = 2735.730 ; gain = 0.000 ; free physical = 781 ; free virtual = 6743
INFO: [Project 1-111] Unisim Transformation Summary:
No Unisim elements were transformed.

Synth Design complete | Checksum: db005350
INFO: [Common 17-83] Releasing license: Synthesis
24 Infos, 3 Warnings, 0 Critical Warnings and 0 Errors encountered.
synth_design completed successfully
synth_design: Time (s): cpu = 00:00:22 ; elapsed = 00:00:21 . Memory (MB): peak = 2735.766 ; gain = 1416.289 ; free physical = 777 ; free virtual = 6739
INFO: [Common 17-2834] synth_design peak Physical Memory [PSS] (MB): overall = 2271.179; main = 1949.657; forked = 377.633
INFO: [Common 17-2834] synth_design peak Virtual Memory [VSS] (MB): overall = 3700.332; main = 2735.734; forked = 996.613
Write ShapeDB Complete: Time (s): cpu = 00:00:00 ; elapsed = 00:00:00 . Memory (MB): peak = 2759.742 ; gain = 0.000 ; free physical = 777 ; free virtual = 6739
INFO: [Common 17-1381] The checkpoint '/home/paulo/Desktop/MIE/FPGA/proyecto_corto_1/Booth_Multiplier/Booth_Multiplier.runs/design_1_booth_0_0_synth_1/design_1_booth_0_0.dcp' has been generated.
INFO: [Coretcl 2-1648] Added synthesis output to IP cache for IP design_1_booth_0_0, cache-ID = b11f6c9611af2d22
Write ShapeDB Complete: Time (s): cpu = 00:00:00 ; elapsed = 00:00:00 . Memory (MB): peak = 2759.742 ; gain = 0.000 ; free physical = 717 ; free virtual = 6680
INFO: [Common 17-1381] The checkpoint '/home/paulo/Desktop/MIE/FPGA/proyecto_corto_1/Booth_Multiplier/Booth_Multiplier.runs/design_1_booth_0_0_synth_1/design_1_booth_0_0.dcp' has been generated.
INFO: [runtcl-4] Executing : report_utilization -file design_1_booth_0_0_utilization_synth.rpt -pb design_1_booth_0_0_utilization_synth.pb
INFO: [Common 17-206] Exiting Vivado at Sun Feb 15 20:49:16 2026...
